Archive member included to satisfy reference by file (symbol)

/usr/lib/gcc/avr/7.3.0/avr5/libgcc.a(_udivmodsi4.o)
                              ./Src/CLCD_prog.o (__udivmodsi4)
/usr/lib/gcc/avr/7.3.0/avr5/libgcc.a(_divmodsi4.o)
                              ./Src/CLCD_prog.o (__divmodsi4)
/usr/lib/gcc/avr/7.3.0/avr5/libgcc.a(_negsi2.o)
                              /usr/lib/gcc/avr/7.3.0/avr5/libgcc.a(_divmodsi4.o) (__negsi2)
/usr/lib/gcc/avr/7.3.0/avr5/libgcc.a(_exit.o)
                              /usr/lib/gcc/avr/7.3.0/../../../avr/lib/avr5/crtatmega32.o (exit)
/usr/lib/gcc/avr/7.3.0/avr5/libgcc.a(_copy_data.o)
                              ./Src/CLCD_prog.o (__do_copy_data)
/usr/lib/gcc/avr/7.3.0/avr5/libgcc.a(_clear_bss.o)
                              ./Src/ADC_prog.o (__do_clear_bss)
/usr/lib/gcc/avr/7.3.0/avr5/libgcc.a(_cmpdi2_s8.o)
                              ./Src/CLCD_prog.o (__cmpdi2_s8)
/usr/lib/gcc/avr/7.3.0/../../../avr/lib/avr5/libm.a(addsf3.o)
                              ./Src/CLCD_prog.o (__subsf3)
/usr/lib/gcc/avr/7.3.0/../../../avr/lib/avr5/libm.a(addsf3x.o)
                              /usr/lib/gcc/avr/7.3.0/../../../avr/lib/avr5/libm.a(addsf3.o) (__addsf3x)
/usr/lib/gcc/avr/7.3.0/../../../avr/lib/avr5/libm.a(cmpsf2.o)
                              ./Src/CLCD_prog.o (__ltsf2)
/usr/lib/gcc/avr/7.3.0/../../../avr/lib/avr5/libm.a(fixsfdi.o)
                              ./Src/CLCD_prog.o (__fixsfdi)
/usr/lib/gcc/avr/7.3.0/../../../avr/lib/avr5/libm.a(fixsfsi.o)
                              ./Src/CLCD_prog.o (__fixsfsi)
/usr/lib/gcc/avr/7.3.0/../../../avr/lib/avr5/libm.a(fixunssfsi.o)
                              ./Src/CLCD_prog.o (__fixunssfsi)
/usr/lib/gcc/avr/7.3.0/../../../avr/lib/avr5/libm.a(floatsisf.o)
                              ./Src/CLCD_prog.o (__floatsisf)
/usr/lib/gcc/avr/7.3.0/../../../avr/lib/avr5/libm.a(fp_cmp.o)
                              /usr/lib/gcc/avr/7.3.0/../../../avr/lib/avr5/libm.a(cmpsf2.o) (__fp_cmp)
/usr/lib/gcc/avr/7.3.0/../../../avr/lib/avr5/libm.a(fp_inf.o)
                              /usr/lib/gcc/avr/7.3.0/../../../avr/lib/avr5/libm.a(addsf3x.o) (__fp_inf)
/usr/lib/gcc/avr/7.3.0/../../../avr/lib/avr5/libm.a(fp_nan.o)
                              /usr/lib/gcc/avr/7.3.0/../../../avr/lib/avr5/libm.a(addsf3x.o) (__fp_nan)
/usr/lib/gcc/avr/7.3.0/../../../avr/lib/avr5/libm.a(fp_negdi.o)
                              /usr/lib/gcc/avr/7.3.0/../../../avr/lib/avr5/libm.a(fixsfdi.o) (__fp_negdi)
/usr/lib/gcc/avr/7.3.0/../../../avr/lib/avr5/libm.a(fp_pscA.o)
                              /usr/lib/gcc/avr/7.3.0/../../../avr/lib/avr5/libm.a(addsf3x.o) (__fp_pscA)
/usr/lib/gcc/avr/7.3.0/../../../avr/lib/avr5/libm.a(fp_pscB.o)
                              /usr/lib/gcc/avr/7.3.0/../../../avr/lib/avr5/libm.a(addsf3x.o) (__fp_pscB)
/usr/lib/gcc/avr/7.3.0/../../../avr/lib/avr5/libm.a(fp_round.o)
                              /usr/lib/gcc/avr/7.3.0/../../../avr/lib/avr5/libm.a(addsf3.o) (__fp_round)
/usr/lib/gcc/avr/7.3.0/../../../avr/lib/avr5/libm.a(fp_split3.o)
                              /usr/lib/gcc/avr/7.3.0/../../../avr/lib/avr5/libm.a(addsf3x.o) (__fp_split3)
/usr/lib/gcc/avr/7.3.0/../../../avr/lib/avr5/libm.a(fp_zero.o)
                              /usr/lib/gcc/avr/7.3.0/../../../avr/lib/avr5/libm.a(addsf3x.o) (__fp_zero)
/usr/lib/gcc/avr/7.3.0/../../../avr/lib/avr5/libm.a(gesf2.o)
                              ./Src/CLCD_prog.o (__gtsf2)
/usr/lib/gcc/avr/7.3.0/../../../avr/lib/avr5/libm.a(mulsf3.o)
                              ./Src/CLCD_prog.o (__mulsf3)
/usr/lib/gcc/avr/7.3.0/../../../avr/lib/avr5/libm.a(mulsf3x.o)
                              /usr/lib/gcc/avr/7.3.0/../../../avr/lib/avr5/libm.a(mulsf3.o) (__mulsf3x)

Memory Configuration

Name             Origin             Length             Attributes
text             0x0000000000000000 0x0000000000008000 xr
data             0x0000000000800060 0x0000000000000800 rw !x
eeprom           0x0000000000810000 0x0000000000000400 rw !x
fuse             0x0000000000820000 0x0000000000000002 rw !x
lock             0x0000000000830000 0x0000000000000400 rw !x
signature        0x0000000000840000 0x0000000000000400 rw !x
user_signatures  0x0000000000850000 0x0000000000000400 rw !x
*default*        0x0000000000000000 0xffffffffffffffff

Linker script and memory map

LOAD /usr/lib/gcc/avr/7.3.0/../../../avr/lib/avr5/crtatmega32.o
LOAD ./Src/ADC_prog.o
LOAD ./Src/CLCD_prog.o
LOAD ./Src/DIO_prog.o
LOAD ./Src/EEPROM_prog.o
LOAD ./Src/EXTI_prog.o
LOAD ./Src/GIE_prog.o
LOAD ./Src/System_init.o
LOAD ./Src/USART_prog.o
LOAD ./Src/main.o
START GROUP
LOAD /usr/lib/gcc/avr/7.3.0/avr5/libgcc.a
LOAD /usr/lib/gcc/avr/7.3.0/../../../avr/lib/avr5/libm.a
LOAD /usr/lib/gcc/avr/7.3.0/../../../avr/lib/avr5/libc.a
LOAD /usr/lib/gcc/avr/7.3.0/../../../avr/lib/avr5/libatmega32.a
END GROUP
                0x0000000000000000                __TEXT_REGION_ORIGIN__ = DEFINED (__TEXT_REGION_ORIGIN__)?__TEXT_REGION_ORIGIN__:0x0
                [0x0000000000800060]                __DATA_REGION_ORIGIN__ = DEFINED (__DATA_REGION_ORIGIN__)?__DATA_REGION_ORIGIN__:0x800060
                [0x0000000000008000]                __TEXT_REGION_LENGTH__ = DEFINED (__TEXT_REGION_LENGTH__)?__TEXT_REGION_LENGTH__:0x20000
                [0x0000000000000800]                __DATA_REGION_LENGTH__ = DEFINED (__DATA_REGION_LENGTH__)?__DATA_REGION_LENGTH__:0xffa0
                [0x0000000000000400]                __EEPROM_REGION_LENGTH__ = DEFINED (__EEPROM_REGION_LENGTH__)?__EEPROM_REGION_LENGTH__:0x10000
                [0x0000000000000002]                __FUSE_REGION_LENGTH__ = DEFINED (__FUSE_REGION_LENGTH__)?__FUSE_REGION_LENGTH__:0x400
                0x0000000000000400                __LOCK_REGION_LENGTH__ = DEFINED (__LOCK_REGION_LENGTH__)?__LOCK_REGION_LENGTH__:0x400
                0x0000000000000400                __SIGNATURE_REGION_LENGTH__ = DEFINED (__SIGNATURE_REGION_LENGTH__)?__SIGNATURE_REGION_LENGTH__:0x400
                0x0000000000000400                __USER_SIGNATURE_REGION_LENGTH__ = DEFINED (__USER_SIGNATURE_REGION_LENGTH__)?__USER_SIGNATURE_REGION_LENGTH__:0x400

.hash
 *(.hash)

.dynsym
 *(.dynsym)

.dynstr
 *(.dynstr)

.gnu.version
 *(.gnu.version)

.gnu.version_d
 *(.gnu.version_d)

.gnu.version_r
 *(.gnu.version_r)

.rel.init
 *(.rel.init)

.rela.init
 *(.rela.init)

.rel.text
 *(.rel.text)
 *(.rel.text.*)
 *(.rel.gnu.linkonce.t*)

.rela.text
 *(.rela.text)
 *(.rela.text.*)
 *(.rela.gnu.linkonce.t*)

.rel.fini
 *(.rel.fini)

.rela.fini
 *(.rela.fini)

.rel.rodata
 *(.rel.rodata)
 *(.rel.rodata.*)
 *(.rel.gnu.linkonce.r*)

.rela.rodata
 *(.rela.rodata)
 *(.rela.rodata.*)
 *(.rela.gnu.linkonce.r*)

.rel.data
 *(.rel.data)
 *(.rel.data.*)
 *(.rel.gnu.linkonce.d*)

.rela.data
 *(.rela.data)
 *(.rela.data.*)
 *(.rela.gnu.linkonce.d*)

.rel.ctors
 *(.rel.ctors)

.rela.ctors
 *(.rela.ctors)

.rel.dtors
 *(.rel.dtors)

.rela.dtors
 *(.rela.dtors)

.rel.got
 *(.rel.got)

.rela.got
 *(.rela.got)

.rel.bss
 *(.rel.bss)

.rela.bss
 *(.rela.bss)

.rel.plt
 *(.rel.plt)

.rela.plt
 *(.rela.plt)

.text           0x0000000000000000     0x3a7c
 *(.vectors)
 .vectors       0x0000000000000000       0x54 /usr/lib/gcc/avr/7.3.0/../../../avr/lib/avr5/crtatmega32.o
                0x0000000000000000                __vectors
                0x0000000000000000                __vector_default
 *(.vectors)
 *(.progmem.gcc*)
                0x0000000000000054                . = ALIGN (0x2)
                0x0000000000000054                __trampolines_start = .
 *(.trampolines)
 .trampolines   0x0000000000000054        0x0 linker stubs
 *(.trampolines*)
                0x0000000000000054                __trampolines_end = .
 *libprintf_flt.a:*(.progmem.data)
 *libc.a:*(.progmem.data)
 *(.progmem*)
                0x0000000000000054                . = ALIGN (0x2)
 *(.jumptables)
 *(.jumptables*)
 *(.lowtext)
 *(.lowtext*)
                0x0000000000000054                __ctors_start = .
 *(.ctors)
                0x0000000000000054                __ctors_end = .
                0x0000000000000054                __dtors_start = .
 *(.dtors)
                0x0000000000000054                __dtors_end = .
 SORT(*)(.ctors)
 SORT(*)(.dtors)
 *(.init0)
 .init0         0x0000000000000054        0x0 /usr/lib/gcc/avr/7.3.0/../../../avr/lib/avr5/crtatmega32.o
                0x0000000000000054                __init
 *(.init0)
 *(.init1)
 *(.init1)
 *(.init2)
 .init2         0x0000000000000054        0xc /usr/lib/gcc/avr/7.3.0/../../../avr/lib/avr5/crtatmega32.o
 *(.init2)
 *(.init3)
 *(.init3)
 *(.init4)
 .init4         0x0000000000000060       0x16 /usr/lib/gcc/avr/7.3.0/avr5/libgcc.a(_copy_data.o)
                0x0000000000000060                __do_copy_data
 .init4         0x0000000000000076       0x10 /usr/lib/gcc/avr/7.3.0/avr5/libgcc.a(_clear_bss.o)
                0x0000000000000076                __do_clear_bss
 *(.init4)
 *(.init5)
 *(.init5)
 *(.init6)
 *(.init6)
 *(.init7)
 *(.init7)
 *(.init8)
 *(.init8)
 *(.init9)
 .init9         0x0000000000000086        0x8 /usr/lib/gcc/avr/7.3.0/../../../avr/lib/avr5/crtatmega32.o
 *(.init9)
 *(.text)
 .text          0x000000000000008e        0x4 /usr/lib/gcc/avr/7.3.0/../../../avr/lib/avr5/crtatmega32.o
                0x000000000000008e                __vector_12
                0x000000000000008e                __bad_interrupt
                0x000000000000008e                __vector_6
                0x000000000000008e                __vector_11
                0x000000000000008e                __vector_17
                0x000000000000008e                __vector_19
                0x000000000000008e                __vector_7
                0x000000000000008e                __vector_5
                0x000000000000008e                __vector_4
                0x000000000000008e                __vector_9
                0x000000000000008e                __vector_8
                0x000000000000008e                __vector_14
                0x000000000000008e                __vector_10
                0x000000000000008e                __vector_18
                0x000000000000008e                __vector_20
 .text          0x0000000000000092        0x0 ./Src/ADC_prog.o
 .text          0x0000000000000092        0x0 ./Src/CLCD_prog.o
 .text          0x0000000000000092        0x0 ./Src/DIO_prog.o
 .text          0x0000000000000092        0x0 ./Src/EEPROM_prog.o
 .text          0x0000000000000092        0x0 ./Src/EXTI_prog.o
 .text          0x0000000000000092        0x0 ./Src/GIE_prog.o
 .text          0x0000000000000092        0x0 ./Src/System_init.o
 .text          0x0000000000000092        0x0 ./Src/USART_prog.o
 .text          0x0000000000000092        0x0 ./Src/main.o
 .text          0x0000000000000092        0x0 /usr/lib/gcc/avr/7.3.0/avr5/libgcc.a(_udivmodsi4.o)
 .text          0x0000000000000092        0x0 /usr/lib/gcc/avr/7.3.0/avr5/libgcc.a(_divmodsi4.o)
 .text          0x0000000000000092        0x0 /usr/lib/gcc/avr/7.3.0/avr5/libgcc.a(_negsi2.o)
 .text          0x0000000000000092        0x0 /usr/lib/gcc/avr/7.3.0/avr5/libgcc.a(_exit.o)
 .text          0x0000000000000092        0x0 /usr/lib/gcc/avr/7.3.0/avr5/libgcc.a(_copy_data.o)
 .text          0x0000000000000092        0x0 /usr/lib/gcc/avr/7.3.0/avr5/libgcc.a(_clear_bss.o)
 .text          0x0000000000000092        0x0 /usr/lib/gcc/avr/7.3.0/avr5/libgcc.a(_cmpdi2_s8.o)
 .text          0x0000000000000092        0x0 /usr/lib/gcc/avr/7.3.0/../../../avr/lib/avr5/libm.a(addsf3.o)
 .text          0x0000000000000092        0x0 /usr/lib/gcc/avr/7.3.0/../../../avr/lib/avr5/libm.a(addsf3x.o)
 .text          0x0000000000000092        0x0 /usr/lib/gcc/avr/7.3.0/../../../avr/lib/avr5/libm.a(cmpsf2.o)
 .text          0x0000000000000092        0x0 /usr/lib/gcc/avr/7.3.0/../../../avr/lib/avr5/libm.a(fixsfdi.o)
 .text          0x0000000000000092        0x0 /usr/lib/gcc/avr/7.3.0/../../../avr/lib/avr5/libm.a(fixsfsi.o)
 .text          0x0000000000000092        0x0 /usr/lib/gcc/avr/7.3.0/../../../avr/lib/avr5/libm.a(fixunssfsi.o)
 .text          0x0000000000000092        0x0 /usr/lib/gcc/avr/7.3.0/../../../avr/lib/avr5/libm.a(floatsisf.o)
 .text          0x0000000000000092        0x0 /usr/lib/gcc/avr/7.3.0/../../../avr/lib/avr5/libm.a(fp_cmp.o)
 .text          0x0000000000000092        0x0 /usr/lib/gcc/avr/7.3.0/../../../avr/lib/avr5/libm.a(fp_inf.o)
 .text          0x0000000000000092        0x0 /usr/lib/gcc/avr/7.3.0/../../../avr/lib/avr5/libm.a(fp_nan.o)
 .text          0x0000000000000092        0x0 /usr/lib/gcc/avr/7.3.0/../../../avr/lib/avr5/libm.a(fp_negdi.o)
 .text          0x0000000000000092        0x0 /usr/lib/gcc/avr/7.3.0/../../../avr/lib/avr5/libm.a(fp_pscA.o)
 .text          0x0000000000000092        0x0 /usr/lib/gcc/avr/7.3.0/../../../avr/lib/avr5/libm.a(fp_pscB.o)
 .text          0x0000000000000092        0x0 /usr/lib/gcc/avr/7.3.0/../../../avr/lib/avr5/libm.a(fp_round.o)
 .text          0x0000000000000092        0x0 /usr/lib/gcc/avr/7.3.0/../../../avr/lib/avr5/libm.a(fp_split3.o)
 .text          0x0000000000000092        0x0 /usr/lib/gcc/avr/7.3.0/../../../avr/lib/avr5/libm.a(fp_zero.o)
 .text          0x0000000000000092        0x0 /usr/lib/gcc/avr/7.3.0/../../../avr/lib/avr5/libm.a(gesf2.o)
 .text          0x0000000000000092        0x0 /usr/lib/gcc/avr/7.3.0/../../../avr/lib/avr5/libm.a(mulsf3.o)
 .text          0x0000000000000092        0x0 /usr/lib/gcc/avr/7.3.0/../../../avr/lib/avr5/libm.a(mulsf3x.o)
                0x0000000000000092                . = ALIGN (0x2)
 *(.text.*)
 .text.ADC_vInit
                0x0000000000000092       0xa0 ./Src/ADC_prog.o
                0x0000000000000092                ADC_vInit
 .text.ADC_vEnable
                0x0000000000000132       0x22 ./Src/ADC_prog.o
                0x0000000000000132                ADC_vEnable
 .text.ADC_vDisable
                0x0000000000000154       0x22 ./Src/ADC_prog.o
                0x0000000000000154                ADC_vDisable
 .text.ADC_vInterruptEnable
                0x0000000000000176       0x22 ./Src/ADC_prog.o
                0x0000000000000176                ADC_vInterruptEnable
 .text.ADC_vInterruptDisable
                0x0000000000000198       0x22 ./Src/ADC_prog.o
                0x0000000000000198                ADC_vInterruptDisable
 .text.ADC_u8VoltageReference
                0x00000000000001ba       0x70 ./Src/ADC_prog.o
                0x00000000000001ba                ADC_u8VoltageReference
 .text.ADC_u8SetPrescaler
                0x000000000000022a       0x4a ./Src/ADC_prog.o
                0x000000000000022a                ADC_u8SetPrescaler
 .text.ADC_u8SetAdjustment
                0x0000000000000274       0x52 ./Src/ADC_prog.o
                0x0000000000000274                ADC_u8SetAdjustment
 .text.ADC_u8SetTriggerSource
                0x00000000000002c6       0x74 ./Src/ADC_prog.o
                0x00000000000002c6                ADC_u8SetTriggerSource
 .text.ADC_u8GetResultSync
                0x000000000000033a      0x134 ./Src/ADC_prog.o
                0x000000000000033a                ADC_u8GetResultSync
 .text.ADC_u8StartConversionAsynch
                0x000000000000046e       0xc8 ./Src/ADC_prog.o
                0x000000000000046e                ADC_u8StartConversionAsynch
 .text.ADC_u8StartChainAsynch
                0x0000000000000536      0x13e ./Src/ADC_prog.o
                0x0000000000000536                ADC_u8StartChainAsynch
 .text.__vector_16
                0x0000000000000674      0x19c ./Src/ADC_prog.o
                0x0000000000000674                __vector_16
 .text.CLCD_vInit
                0x0000000000000810      0x590 ./Src/CLCD_prog.o
                0x0000000000000810                CLCD_vInit
 .text.CLCD_vSendData
                0x0000000000000da0       0x48 ./Src/CLCD_prog.o
                0x0000000000000da0                CLCD_vSendData
 .text.CLCD_vSendCommand
                0x0000000000000de8       0x48 ./Src/CLCD_prog.o
                0x0000000000000de8                CLCD_vSendCommand
 .text.CLCD_vSendFallingEdge
                0x0000000000000e30      0x204 ./Src/CLCD_prog.o
 .text.CLCD_vClearScreen
                0x0000000000001034      0x112 ./Src/CLCD_prog.o
                0x0000000000001034                CLCD_vClearScreen
 .text.CLCD_vSendString
                0x0000000000001146       0x54 ./Src/CLCD_prog.o
                0x0000000000001146                CLCD_vSendString
 .text.CLCD_vSendIntNumber
                0x000000000000119a      0x186 ./Src/CLCD_prog.o
                0x000000000000119a                CLCD_vSendIntNumber
 .text.CLCD_vSendFloatNumber
                0x0000000000001320      0x12e ./Src/CLCD_prog.o
                0x0000000000001320                CLCD_vSendFloatNumber
 .text.CLCD_vSetPosition
                0x000000000000144e      0x16a ./Src/CLCD_prog.o
                0x000000000000144e                CLCD_vSetPosition
 .text.CLCD_vSendExtraChar
                0x00000000000015b8       0x66 ./Src/CLCD_prog.o
                0x00000000000015b8                CLCD_vSendExtraChar
 .text.CLCD_voidShiftDisplayRight
                0x000000000000161e      0x112 ./Src/CLCD_prog.o
                0x000000000000161e                CLCD_voidShiftDisplayRight
 .text.CLCD_voidShiftDisplayLeft
                0x0000000000001730      0x112 ./Src/CLCD_prog.o
                0x0000000000001730                CLCD_voidShiftDisplayLeft
 .text.DIO_enumSetPinDir
                0x0000000000001842      0x206 ./Src/DIO_prog.o
                0x0000000000001842                DIO_enumSetPinDir
 .text.DIO_enumWritePinVal
                0x0000000000001a48      0x206 ./Src/DIO_prog.o
                0x0000000000001a48                DIO_enumWritePinVal
 .text.DIO_enumReadPinVal
                0x0000000000001c4e      0x168 ./Src/DIO_prog.o
                0x0000000000001c4e                DIO_enumReadPinVal
 .text.DIO_enumTogglePinVal
                0x0000000000001db6      0x10c ./Src/DIO_prog.o
                0x0000000000001db6                DIO_enumTogglePinVal
 .text.DIO_enumConnectPullUp
                0x0000000000001ec2      0x2dc ./Src/DIO_prog.o
                0x0000000000001ec2                DIO_enumConnectPullUp
 .text.DIO_enumSetPortDir
                0x000000000000219e       0x84 ./Src/DIO_prog.o
                0x000000000000219e                DIO_enumSetPortDir
 .text.DIO_enumWritePortVal
                0x0000000000002222       0x84 ./Src/DIO_prog.o
                0x0000000000002222                DIO_enumWritePortVal
 .text.DIO_enumReadPorVal
                0x00000000000022a6       0xa2 ./Src/DIO_prog.o
                0x00000000000022a6                DIO_enumReadPorVal
 .text.DIO_enumTogglePortValue
                0x0000000000002348       0x9a ./Src/DIO_prog.o
                0x0000000000002348                DIO_enumTogglePortValue
 .text.DIO_vWriteLowNibble
                0x00000000000023e2       0xf6 ./Src/DIO_prog.o
                0x00000000000023e2                DIO_vWriteLowNibble
 .text.DIO_vWriteHighNibble
                0x00000000000024d8       0xf8 ./Src/DIO_prog.o
                0x00000000000024d8                DIO_vWriteHighNibble
 .text.DIO_vSetLowNibbleDir
                0x00000000000025d0       0xf6 ./Src/DIO_prog.o
                0x00000000000025d0                DIO_vSetLowNibbleDir
 .text.DIO_vSetHighNibbleDir
                0x00000000000026c6       0xf8 ./Src/DIO_prog.o
                0x00000000000026c6                DIO_vSetHighNibbleDir
 .text.EEPROM_vWrite
                0x00000000000027be       0x76 ./Src/EEPROM_prog.o
                0x00000000000027be                EEPROM_vWrite
 .text.EEPROM_vRead
                0x0000000000002834       0x4c ./Src/EEPROM_prog.o
                0x0000000000002834                EEPROM_vRead
 .text.EXTI_vInit
                0x0000000000002880       0x34 ./Src/EXTI_prog.o
                0x0000000000002880                EXTI_vInit
 .text.EXTI_vSetSignal
                0x00000000000028b4      0x224 ./Src/EXTI_prog.o
                0x00000000000028b4                EXTI_vSetSignal
 .text.EXTI_vDisableInterrupt
                0x0000000000002ad8       0x5e ./Src/EXTI_prog.o
                0x0000000000002ad8                EXTI_vDisableInterrupt
 .text.EXTI_vEnableInterrupt
                0x0000000000002b36       0x5c ./Src/EXTI_prog.o
                0x0000000000002b36                EXTI_vEnableInterrupt
 .text.EXTI_vClearFlag
                0x0000000000002b92       0x40 ./Src/EXTI_prog.o
                0x0000000000002b92                EXTI_vClearFlag
 .text.EXTI_u8GETFlag
                0x0000000000002bd2       0x48 ./Src/EXTI_prog.o
                0x0000000000002bd2                EXTI_u8GETFlag
 .text.EXTI_vSetCallBack
                0x0000000000002c1a       0x72 ./Src/EXTI_prog.o
                0x0000000000002c1a                EXTI_vSetCallBack
 .text.__vector_1
                0x0000000000002c8c       0x70 ./Src/EXTI_prog.o
                0x0000000000002c8c                __vector_1
 .text.__vector_2
                0x0000000000002cfc       0x70 ./Src/EXTI_prog.o
                0x0000000000002cfc                __vector_2
 .text.__vector_3
                0x0000000000002d6c       0x70 ./Src/EXTI_prog.o
                0x0000000000002d6c                __vector_3
 .text.GIE_vEnable
                0x0000000000002ddc       0x22 ./Src/GIE_prog.o
                0x0000000000002ddc                GIE_vEnable
 .text.GIE_vDisable
                0x0000000000002dfe       0x22 ./Src/GIE_prog.o
                0x0000000000002dfe                GIE_vDisable
 .text.System_vInit
                0x0000000000002e20       0x42 ./Src/System_init.o
                0x0000000000002e20                System_vInit
 .text.USART_vInit
                0x0000000000002e62       0xfa ./Src/USART_prog.o
                0x0000000000002e62                USART_vInit
 .text.USART_u8SendData
                0x0000000000002f5c       0xa6 ./Src/USART_prog.o
                0x0000000000002f5c                USART_u8SendData
 .text.USART_u8ReceiveData
                0x0000000000003002       0xb6 ./Src/USART_prog.o
                0x0000000000003002                USART_u8ReceiveData
 .text.USART_u8SendStringSynch
                0x00000000000030b8      0x178 ./Src/USART_prog.o
                0x00000000000030b8                USART_u8SendStringSynch
 .text.USART_u8SendStringAsynch
                0x0000000000003230       0xa2 ./Src/USART_prog.o
                0x0000000000003230                USART_u8SendStringAsynch
 .text.USART_u8ReceiveBufferSynch
                0x00000000000032d2       0x9a ./Src/USART_prog.o
                0x00000000000032d2                USART_u8ReceiveBufferSynch
 .text.USART_u8ReceiveBufferAsynch
                0x000000000000336c       0x98 ./Src/USART_prog.o
                0x000000000000336c                USART_u8ReceiveBufferAsynch
 .text.__vector_13
                0x0000000000003404       0xba ./Src/USART_prog.o
                0x0000000000003404                __vector_13
 .text.__vector_15
                0x00000000000034be       0xcc ./Src/USART_prog.o
                0x00000000000034be                __vector_15
 .text.main     0x000000000000358a        0xe ./Src/main.o
                0x000000000000358a                main
 .text.ISR_EXTI_INT
                0x0000000000003598       0x16 ./Src/main.o
                0x0000000000003598                ISR_EXTI_INT
 .text.libgcc.mul
                0x00000000000035ae        0x0 /usr/lib/gcc/avr/7.3.0/avr5/libgcc.a(_udivmodsi4.o)
 .text.libgcc.div
                0x00000000000035ae       0x44 /usr/lib/gcc/avr/7.3.0/avr5/libgcc.a(_udivmodsi4.o)
                0x00000000000035ae                __udivmodsi4
 .text.libgcc   0x00000000000035f2        0x0 /usr/lib/gcc/avr/7.3.0/avr5/libgcc.a(_udivmodsi4.o)
 .text.libgcc.prologue
                0x00000000000035f2        0x0 /usr/lib/gcc/avr/7.3.0/avr5/libgcc.a(_udivmodsi4.o)
 .text.libgcc.builtins
                0x00000000000035f2        0x0 /usr/lib/gcc/avr/7.3.0/avr5/libgcc.a(_udivmodsi4.o)
 .text.libgcc.fmul
                0x00000000000035f2        0x0 /usr/lib/gcc/avr/7.3.0/avr5/libgcc.a(_udivmodsi4.o)
 .text.libgcc.fixed
                0x00000000000035f2        0x0 /usr/lib/gcc/avr/7.3.0/avr5/libgcc.a(_udivmodsi4.o)
 .text.libgcc.mul
                0x00000000000035f2        0x0 /usr/lib/gcc/avr/7.3.0/avr5/libgcc.a(_divmodsi4.o)
 .text.libgcc.div
                0x00000000000035f2       0x2e /usr/lib/gcc/avr/7.3.0/avr5/libgcc.a(_divmodsi4.o)
                0x00000000000035f2                __divmodsi4
 .text.libgcc   0x0000000000003620        0x0 /usr/lib/gcc/avr/7.3.0/avr5/libgcc.a(_divmodsi4.o)
 .text.libgcc.prologue
                0x0000000000003620        0x0 /usr/lib/gcc/avr/7.3.0/avr5/libgcc.a(_divmodsi4.o)
 .text.libgcc.builtins
                0x0000000000003620        0x0 /usr/lib/gcc/avr/7.3.0/avr5/libgcc.a(_divmodsi4.o)
 .text.libgcc.fmul
                0x0000000000003620        0x0 /usr/lib/gcc/avr/7.3.0/avr5/libgcc.a(_divmodsi4.o)
 .text.libgcc.fixed
                0x0000000000003620        0x0 /usr/lib/gcc/avr/7.3.0/avr5/libgcc.a(_divmodsi4.o)
 .text.libgcc.mul
                0x0000000000003620        0x0 /usr/lib/gcc/avr/7.3.0/avr5/libgcc.a(_negsi2.o)
 .text.libgcc.div
                0x0000000000003620       0x10 /usr/lib/gcc/avr/7.3.0/avr5/libgcc.a(_negsi2.o)
                0x0000000000003620                __negsi2
 .text.libgcc   0x0000000000003630        0x0 /usr/lib/gcc/avr/7.3.0/avr5/libgcc.a(_negsi2.o)
 .text.libgcc.prologue
                0x0000000000003630        0x0 /usr/lib/gcc/avr/7.3.0/avr5/libgcc.a(_negsi2.o)
 .text.libgcc.builtins
                0x0000000000003630        0x0 /usr/lib/gcc/avr/7.3.0/avr5/libgcc.a(_negsi2.o)
 .text.libgcc.fmul
                0x0000000000003630        0x0 /usr/lib/gcc/avr/7.3.0/avr5/libgcc.a(_negsi2.o)
 .text.libgcc.fixed
                0x0000000000003630        0x0 /usr/lib/gcc/avr/7.3.0/avr5/libgcc.a(_negsi2.o)
 .text.libgcc.mul
                0x0000000000003630        0x0 /usr/lib/gcc/avr/7.3.0/avr5/libgcc.a(_exit.o)
 .text.libgcc.div
                0x0000000000003630        0x0 /usr/lib/gcc/avr/7.3.0/avr5/libgcc.a(_exit.o)
 .text.libgcc   0x0000000000003630        0x0 /usr/lib/gcc/avr/7.3.0/avr5/libgcc.a(_exit.o)
 .text.libgcc.prologue
                0x0000000000003630        0x0 /usr/lib/gcc/avr/7.3.0/avr5/libgcc.a(_exit.o)
 .text.libgcc.builtins
                0x0000000000003630        0x0 /usr/lib/gcc/avr/7.3.0/avr5/libgcc.a(_exit.o)
 .text.libgcc.fmul
                0x0000000000003630        0x0 /usr/lib/gcc/avr/7.3.0/avr5/libgcc.a(_exit.o)
 .text.libgcc.fixed
                0x0000000000003630        0x0 /usr/lib/gcc/avr/7.3.0/avr5/libgcc.a(_exit.o)
 .text.libgcc.mul
                0x0000000000003630        0x0 /usr/lib/gcc/avr/7.3.0/avr5/libgcc.a(_copy_data.o)
 .text.libgcc.div
                0x0000000000003630        0x0 /usr/lib/gcc/avr/7.3.0/avr5/libgcc.a(_copy_data.o)
 .text.libgcc   0x0000000000003630        0x0 /usr/lib/gcc/avr/7.3.0/avr5/libgcc.a(_copy_data.o)
 .text.libgcc.prologue
                0x0000000000003630        0x0 /usr/lib/gcc/avr/7.3.0/avr5/libgcc.a(_copy_data.o)
 .text.libgcc.builtins
                0x0000000000003630        0x0 /usr/lib/gcc/avr/7.3.0/avr5/libgcc.a(_copy_data.o)
 .text.libgcc.fmul
                0x0000000000003630        0x0 /usr/lib/gcc/avr/7.3.0/avr5/libgcc.a(_copy_data.o)
 .text.libgcc.fixed
                0x0000000000003630        0x0 /usr/lib/gcc/avr/7.3.0/avr5/libgcc.a(_copy_data.o)
 .text.libgcc.mul
                0x0000000000003630        0x0 /usr/lib/gcc/avr/7.3.0/avr5/libgcc.a(_clear_bss.o)
 .text.libgcc.div
                0x0000000000003630        0x0 /usr/lib/gcc/avr/7.3.0/avr5/libgcc.a(_clear_bss.o)
 .text.libgcc   0x0000000000003630        0x0 /usr/lib/gcc/avr/7.3.0/avr5/libgcc.a(_clear_bss.o)
 .text.libgcc.prologue
                0x0000000000003630        0x0 /usr/lib/gcc/avr/7.3.0/avr5/libgcc.a(_clear_bss.o)
 .text.libgcc.builtins
                0x0000000000003630        0x0 /usr/lib/gcc/avr/7.3.0/avr5/libgcc.a(_clear_bss.o)
 .text.libgcc.fmul
                0x0000000000003630        0x0 /usr/lib/gcc/avr/7.3.0/avr5/libgcc.a(_clear_bss.o)
 .text.libgcc.fixed
                0x0000000000003630        0x0 /usr/lib/gcc/avr/7.3.0/avr5/libgcc.a(_clear_bss.o)
 .text.libgcc.mul
                0x0000000000003630        0x0 /usr/lib/gcc/avr/7.3.0/avr5/libgcc.a(_cmpdi2_s8.o)
 .text.libgcc.div
                0x0000000000003630        0x0 /usr/lib/gcc/avr/7.3.0/avr5/libgcc.a(_cmpdi2_s8.o)
 .text.libgcc   0x0000000000003630       0x18 /usr/lib/gcc/avr/7.3.0/avr5/libgcc.a(_cmpdi2_s8.o)
                0x0000000000003630                __cmpdi2_s8
 .text.libgcc.prologue
                0x0000000000003648        0x0 /usr/lib/gcc/avr/7.3.0/avr5/libgcc.a(_cmpdi2_s8.o)
 .text.libgcc.builtins
                0x0000000000003648        0x0 /usr/lib/gcc/avr/7.3.0/avr5/libgcc.a(_cmpdi2_s8.o)
 .text.libgcc.fmul
                0x0000000000003648        0x0 /usr/lib/gcc/avr/7.3.0/avr5/libgcc.a(_cmpdi2_s8.o)
 .text.libgcc.fixed
                0x0000000000003648        0x0 /usr/lib/gcc/avr/7.3.0/avr5/libgcc.a(_cmpdi2_s8.o)
 .text.avr-libc.fplib
                0x0000000000003648        0xe /usr/lib/gcc/avr/7.3.0/../../../avr/lib/avr5/libm.a(addsf3.o)
                0x0000000000003648                __subsf3
                0x000000000000364a                __addsf3
 .text.avr-libc.fplib
                0x0000000000003656       0xcc /usr/lib/gcc/avr/7.3.0/../../../avr/lib/avr5/libm.a(addsf3x.o)
                0x0000000000003678                __addsf3x
 .text.avr-libc.fplib
                0x0000000000003722        0xa /usr/lib/gcc/avr/7.3.0/../../../avr/lib/avr5/libm.a(cmpsf2.o)
                0x0000000000003722                __lesf2
                0x0000000000003722                __nesf2
                0x0000000000003722                __eqsf2
                0x0000000000003722                __cmpsf2
                0x0000000000003722                __ltsf2
 .text.avr-libc.fplib
                0x000000000000372c       0x78 /usr/lib/gcc/avr/7.3.0/../../../avr/lib/avr5/libm.a(fixsfdi.o)
                0x000000000000372c                __fixsfdi
                0x0000000000003736                __fixunssfdi
 .text.avr-libc.fplib
                0x00000000000037a4        0xe /usr/lib/gcc/avr/7.3.0/../../../avr/lib/avr5/libm.a(fixsfsi.o)
                0x00000000000037a4                __fixsfsi
 .text.avr-libc.fplib
                0x00000000000037b2       0x5e /usr/lib/gcc/avr/7.3.0/../../../avr/lib/avr5/libm.a(fixunssfsi.o)
                0x00000000000037b2                __fixunssfsi
 .text.avr-libc.fplib
                0x0000000000003810       0x7a /usr/lib/gcc/avr/7.3.0/../../../avr/lib/avr5/libm.a(floatsisf.o)
                0x0000000000003810                __floatunsisf
                0x0000000000003814                __floatsisf
 .text.avr-libc.fplib
                0x000000000000388a       0x48 /usr/lib/gcc/avr/7.3.0/../../../avr/lib/avr5/libm.a(fp_cmp.o)
                0x000000000000388a                __fp_cmp
 .text.avr-libc.fplib
                0x00000000000038d2        0xc /usr/lib/gcc/avr/7.3.0/../../../avr/lib/avr5/libm.a(fp_inf.o)
                0x00000000000038d2                __fp_inf
 .text.avr-libc.fplib
                0x00000000000038de        0x6 /usr/lib/gcc/avr/7.3.0/../../../avr/lib/avr5/libm.a(fp_nan.o)
                0x00000000000038de                __fp_nan
 .text.avr-libc.fplib
                0x00000000000038e4       0x20 /usr/lib/gcc/avr/7.3.0/../../../avr/lib/avr5/libm.a(fp_negdi.o)
                0x00000000000038e4                __fp_negdi
 .text.avr-libc.fplib
                0x0000000000003904        0xe /usr/lib/gcc/avr/7.3.0/../../../avr/lib/avr5/libm.a(fp_pscA.o)
                0x0000000000003904                __fp_pscA
 .text.avr-libc.fplib
                0x0000000000003912        0xe /usr/lib/gcc/avr/7.3.0/../../../avr/lib/avr5/libm.a(fp_pscB.o)
                0x0000000000003912                __fp_pscB
 .text.avr-libc.fplib
                0x0000000000003920       0x22 /usr/lib/gcc/avr/7.3.0/../../../avr/lib/avr5/libm.a(fp_round.o)
                0x0000000000003920                __fp_round
 .text.avr-libc.fplib
                0x0000000000003942       0x44 /usr/lib/gcc/avr/7.3.0/../../../avr/lib/avr5/libm.a(fp_split3.o)
                0x0000000000003942                __fp_split3
                0x0000000000003952                __fp_splitA
 .text.avr-libc.fplib
                0x0000000000003986        0xe /usr/lib/gcc/avr/7.3.0/../../../avr/lib/avr5/libm.a(fp_zero.o)
                0x0000000000003986                __fp_zero
                0x0000000000003988                __fp_szero
 .text.avr-libc.fplib
                0x0000000000003994        0xa /usr/lib/gcc/avr/7.3.0/../../../avr/lib/avr5/libm.a(gesf2.o)
                0x0000000000003994                __gtsf2
                0x0000000000003994                __gesf2
 .text.avr-libc.fplib
                0x000000000000399e        0x8 /usr/lib/gcc/avr/7.3.0/../../../avr/lib/avr5/libm.a(mulsf3.o)
                0x000000000000399e                __mulsf3
 .text.avr-libc.fplib
                0x00000000000039a6       0xd2 /usr/lib/gcc/avr/7.3.0/../../../avr/lib/avr5/libm.a(mulsf3x.o)
                0x00000000000039c4                __mulsf3x
                0x00000000000039ca                __mulsf3_pse
                0x0000000000003a78                . = ALIGN (0x2)
 *(.fini9)
 .fini9         0x0000000000003a78        0x0 /usr/lib/gcc/avr/7.3.0/avr5/libgcc.a(_exit.o)
                0x0000000000003a78                exit
                0x0000000000003a78                _exit
 *(.fini9)
 *(.fini8)
 *(.fini8)
 *(.fini7)
 *(.fini7)
 *(.fini6)
 *(.fini6)
 *(.fini5)
 *(.fini5)
 *(.fini4)
 *(.fini4)
 *(.fini3)
 *(.fini3)
 *(.fini2)
 *(.fini2)
 *(.fini1)
 *(.fini1)
 *(.fini0)
 .fini0         0x0000000000003a78        0x4 /usr/lib/gcc/avr/7.3.0/avr5/libgcc.a(_exit.o)
 *(.fini0)
                0x0000000000003a7c                _etext = .

.data           0x0000000000800060        0x8 load address 0x0000000000003a7c
                0x0000000000800060                PROVIDE (__data_start, .)
 *(.data)
 .data          0x0000000000800060        0x0 /usr/lib/gcc/avr/7.3.0/../../../avr/lib/avr5/crtatmega32.o
 .data          0x0000000000800060        0x0 ./Src/ADC_prog.o
 .data          0x0000000000800060        0x0 ./Src/CLCD_prog.o
 .data          0x0000000000800060        0x0 ./Src/DIO_prog.o
 .data          0x0000000000800060        0x0 ./Src/EEPROM_prog.o
 .data          0x0000000000800060        0x0 ./Src/EXTI_prog.o
 .data          0x0000000000800060        0x0 ./Src/GIE_prog.o
 .data          0x0000000000800060        0x0 ./Src/System_init.o
 .data          0x0000000000800060        0x0 ./Src/USART_prog.o
 .data          0x0000000000800060        0x0 ./Src/main.o
 .data          0x0000000000800060        0x0 /usr/lib/gcc/avr/7.3.0/avr5/libgcc.a(_udivmodsi4.o)
 .data          0x0000000000800060        0x0 /usr/lib/gcc/avr/7.3.0/avr5/libgcc.a(_divmodsi4.o)
 .data          0x0000000000800060        0x0 /usr/lib/gcc/avr/7.3.0/avr5/libgcc.a(_negsi2.o)
 .data          0x0000000000800060        0x0 /usr/lib/gcc/avr/7.3.0/avr5/libgcc.a(_exit.o)
 .data          0x0000000000800060        0x0 /usr/lib/gcc/avr/7.3.0/avr5/libgcc.a(_copy_data.o)
 .data          0x0000000000800060        0x0 /usr/lib/gcc/avr/7.3.0/avr5/libgcc.a(_clear_bss.o)
 .data          0x0000000000800060        0x0 /usr/lib/gcc/avr/7.3.0/avr5/libgcc.a(_cmpdi2_s8.o)
 .data          0x0000000000800060        0x0 /usr/lib/gcc/avr/7.3.0/../../../avr/lib/avr5/libm.a(addsf3.o)
 .data          0x0000000000800060        0x0 /usr/lib/gcc/avr/7.3.0/../../../avr/lib/avr5/libm.a(addsf3x.o)
 .data          0x0000000000800060        0x0 /usr/lib/gcc/avr/7.3.0/../../../avr/lib/avr5/libm.a(cmpsf2.o)
 .data          0x0000000000800060        0x0 /usr/lib/gcc/avr/7.3.0/../../../avr/lib/avr5/libm.a(fixsfdi.o)
 .data          0x0000000000800060        0x0 /usr/lib/gcc/avr/7.3.0/../../../avr/lib/avr5/libm.a(fixsfsi.o)
 .data          0x0000000000800060        0x0 /usr/lib/gcc/avr/7.3.0/../../../avr/lib/avr5/libm.a(fixunssfsi.o)
 .data          0x0000000000800060        0x0 /usr/lib/gcc/avr/7.3.0/../../../avr/lib/avr5/libm.a(floatsisf.o)
 .data          0x0000000000800060        0x0 /usr/lib/gcc/avr/7.3.0/../../../avr/lib/avr5/libm.a(fp_cmp.o)
 .data          0x0000000000800060        0x0 /usr/lib/gcc/avr/7.3.0/../../../avr/lib/avr5/libm.a(fp_inf.o)
 .data          0x0000000000800060        0x0 /usr/lib/gcc/avr/7.3.0/../../../avr/lib/avr5/libm.a(fp_nan.o)
 .data          0x0000000000800060        0x0 /usr/lib/gcc/avr/7.3.0/../../../avr/lib/avr5/libm.a(fp_negdi.o)
 .data          0x0000000000800060        0x0 /usr/lib/gcc/avr/7.3.0/../../../avr/lib/avr5/libm.a(fp_pscA.o)
 .data          0x0000000000800060        0x0 /usr/lib/gcc/avr/7.3.0/../../../avr/lib/avr5/libm.a(fp_pscB.o)
 .data          0x0000000000800060        0x0 /usr/lib/gcc/avr/7.3.0/../../../avr/lib/avr5/libm.a(fp_round.o)
 .data          0x0000000000800060        0x0 /usr/lib/gcc/avr/7.3.0/../../../avr/lib/avr5/libm.a(fp_split3.o)
 .data          0x0000000000800060        0x0 /usr/lib/gcc/avr/7.3.0/../../../avr/lib/avr5/libm.a(fp_zero.o)
 .data          0x0000000000800060        0x0 /usr/lib/gcc/avr/7.3.0/../../../avr/lib/avr5/libm.a(gesf2.o)
 .data          0x0000000000800060        0x0 /usr/lib/gcc/avr/7.3.0/../../../avr/lib/avr5/libm.a(mulsf3.o)
 .data          0x0000000000800060        0x0 /usr/lib/gcc/avr/7.3.0/../../../avr/lib/avr5/libm.a(mulsf3x.o)
 *(.data*)
 .data.CLCD_u8ExtraChar
                0x0000000000800060        0x8 ./Src/CLCD_prog.o
                0x0000000000800060                CLCD_u8ExtraChar
 *(.gnu.linkonce.d*)
 *(.rodata)
 *(.rodata*)
 *(.gnu.linkonce.r*)
                0x0000000000800068                . = ALIGN (0x2)
                0x0000000000800068                _edata = .
                0x0000000000800068                PROVIDE (__data_end, .)

.bss            0x0000000000800068       0x19
                0x0000000000800068                PROVIDE (__bss_start, .)
 *(.bss)
 .bss           0x0000000000800068        0x0 /usr/lib/gcc/avr/7.3.0/../../../avr/lib/avr5/crtatmega32.o
 .bss           0x0000000000800068        0x0 ./Src/ADC_prog.o
 .bss           0x0000000000800068        0x0 ./Src/CLCD_prog.o
 .bss           0x0000000000800068        0x0 ./Src/DIO_prog.o
 .bss           0x0000000000800068        0x0 ./Src/EEPROM_prog.o
 .bss           0x0000000000800068        0x0 ./Src/EXTI_prog.o
 .bss           0x0000000000800068        0x0 ./Src/GIE_prog.o
 .bss           0x0000000000800068        0x0 ./Src/System_init.o
 .bss           0x0000000000800068        0x0 ./Src/USART_prog.o
 .bss           0x0000000000800068        0x0 ./Src/main.o
 .bss           0x0000000000800068        0x0 /usr/lib/gcc/avr/7.3.0/avr5/libgcc.a(_udivmodsi4.o)
 .bss           0x0000000000800068        0x0 /usr/lib/gcc/avr/7.3.0/avr5/libgcc.a(_divmodsi4.o)
 .bss           0x0000000000800068        0x0 /usr/lib/gcc/avr/7.3.0/avr5/libgcc.a(_negsi2.o)
 .bss           0x0000000000800068        0x0 /usr/lib/gcc/avr/7.3.0/avr5/libgcc.a(_exit.o)
 .bss           0x0000000000800068        0x0 /usr/lib/gcc/avr/7.3.0/avr5/libgcc.a(_copy_data.o)
 .bss           0x0000000000800068        0x0 /usr/lib/gcc/avr/7.3.0/avr5/libgcc.a(_clear_bss.o)
 .bss           0x0000000000800068        0x0 /usr/lib/gcc/avr/7.3.0/avr5/libgcc.a(_cmpdi2_s8.o)
 .bss           0x0000000000800068        0x0 /usr/lib/gcc/avr/7.3.0/../../../avr/lib/avr5/libm.a(addsf3.o)
 .bss           0x0000000000800068        0x0 /usr/lib/gcc/avr/7.3.0/../../../avr/lib/avr5/libm.a(addsf3x.o)
 .bss           0x0000000000800068        0x0 /usr/lib/gcc/avr/7.3.0/../../../avr/lib/avr5/libm.a(cmpsf2.o)
 .bss           0x0000000000800068        0x0 /usr/lib/gcc/avr/7.3.0/../../../avr/lib/avr5/libm.a(fixsfdi.o)
 .bss           0x0000000000800068        0x0 /usr/lib/gcc/avr/7.3.0/../../../avr/lib/avr5/libm.a(fixsfsi.o)
 .bss           0x0000000000800068        0x0 /usr/lib/gcc/avr/7.3.0/../../../avr/lib/avr5/libm.a(fixunssfsi.o)
 .bss           0x0000000000800068        0x0 /usr/lib/gcc/avr/7.3.0/../../../avr/lib/avr5/libm.a(floatsisf.o)
 .bss           0x0000000000800068        0x0 /usr/lib/gcc/avr/7.3.0/../../../avr/lib/avr5/libm.a(fp_cmp.o)
 .bss           0x0000000000800068        0x0 /usr/lib/gcc/avr/7.3.0/../../../avr/lib/avr5/libm.a(fp_inf.o)
 .bss           0x0000000000800068        0x0 /usr/lib/gcc/avr/7.3.0/../../../avr/lib/avr5/libm.a(fp_nan.o)
 .bss           0x0000000000800068        0x0 /usr/lib/gcc/avr/7.3.0/../../../avr/lib/avr5/libm.a(fp_negdi.o)
 .bss           0x0000000000800068        0x0 /usr/lib/gcc/avr/7.3.0/../../../avr/lib/avr5/libm.a(fp_pscA.o)
 .bss           0x0000000000800068        0x0 /usr/lib/gcc/avr/7.3.0/../../../avr/lib/avr5/libm.a(fp_pscB.o)
 .bss           0x0000000000800068        0x0 /usr/lib/gcc/avr/7.3.0/../../../avr/lib/avr5/libm.a(fp_round.o)
 .bss           0x0000000000800068        0x0 /usr/lib/gcc/avr/7.3.0/../../../avr/lib/avr5/libm.a(fp_split3.o)
 .bss           0x0000000000800068        0x0 /usr/lib/gcc/avr/7.3.0/../../../avr/lib/avr5/libm.a(fp_zero.o)
 .bss           0x0000000000800068        0x0 /usr/lib/gcc/avr/7.3.0/../../../avr/lib/avr5/libm.a(gesf2.o)
 .bss           0x0000000000800068        0x0 /usr/lib/gcc/avr/7.3.0/../../../avr/lib/avr5/libm.a(mulsf3.o)
 .bss           0x0000000000800068        0x0 /usr/lib/gcc/avr/7.3.0/../../../avr/lib/avr5/libm.a(mulsf3x.o)
 *(.bss*)
 .bss.ADC_pu16AsynchConversionResult
                0x0000000000800068        0x2 ./Src/ADC_prog.o
 .bss.ADC_pvNotificationFunc
                0x000000000080006a        0x2 ./Src/ADC_prog.o
 .bss.ADC_u8ISRState
                0x000000000080006c        0x1 ./Src/ADC_prog.o
 .bss.ADC_pu8ChainChannel
                0x000000000080006d        0x2 ./Src/ADC_prog.o
 .bss.ADC_u8ChainSize
                0x000000000080006f        0x1 ./Src/ADC_prog.o
 .bss.ADC_u8Index
                0x0000000000800070        0x1 ./Src/ADC_prog.o
 .bss.ADC_u8State
                0x0000000000800071        0x1 ./Src/ADC_prog.o
 .bss.EXTI_CallBack
                0x0000000000800072        0x6 ./Src/EXTI_prog.o
                0x0000000000800072                EXTI_CallBack
 .bss.USART_pu8SendData
                0x0000000000800078        0x2 ./Src/USART_prog.o
 .bss.USART_pu8ReceiveData
                0x000000000080007a        0x2 ./Src/USART_prog.o
 .bss.USART_u8BufferSize
                0x000000000080007c        0x1 ./Src/USART_prog.o
 .bss.USART_u8Index
                0x000000000080007d        0x1 ./Src/USART_prog.o
 .bss.USART_pvNotificationFunc
                0x000000000080007e        0x2 ./Src/USART_prog.o
 .bss.USART_u8State
                0x0000000000800080        0x1 ./Src/USART_prog.o
 *(COMMON)
                0x0000000000800081                PROVIDE (__bss_end, .)
                0x0000000000003a7c                __data_load_start = LOADADDR (.data)
                0x0000000000003a84                __data_load_end = (__data_load_start + SIZEOF (.data))

.noinit         0x0000000000800081        0x0
                [!provide]                        PROVIDE (__noinit_start, .)
 *(.noinit*)
                [!provide]                        PROVIDE (__noinit_end, .)
                0x0000000000800081                _end = .
                [!provide]                        PROVIDE (__heap_start, .)

.eeprom         0x0000000000810000        0x0
 *(.eeprom*)
                0x0000000000810000                __eeprom_end = .

.fuse
 *(.fuse)
 *(.lfuse)
 *(.hfuse)
 *(.efuse)

.lock
 *(.lock*)

.signature
 *(.signature*)

.user_signatures
 *(.user_signatures*)

.stab           0x0000000000000000     0x55c8
 *(.stab)
 .stab          0x0000000000000000      0xc9c ./Src/ADC_prog.o
 .stab          0x0000000000000c9c     0x13a4 ./Src/CLCD_prog.o
                                       0x1434 (size before relaxing)
 .stab          0x0000000000002040     0x14f4 ./Src/DIO_prog.o
                                       0x15a8 (size before relaxing)
 .stab          0x0000000000003534      0x36c ./Src/EEPROM_prog.o
                                        0x3fc (size before relaxing)
 .stab          0x00000000000038a0      0x7a4 ./Src/EXTI_prog.o
                                        0x834 (size before relaxing)
 .stab          0x0000000000004044      0x2e8 ./Src/GIE_prog.o
                                        0x378 (size before relaxing)
 .stab          0x000000000000432c      0x324 ./Src/System_init.o
                                        0x3f0 (size before relaxing)
 .stab          0x0000000000004650      0xc48 ./Src/USART_prog.o
                                        0xe94 (size before relaxing)
 .stab          0x0000000000005298      0x330 ./Src/main.o
                                        0x594 (size before relaxing)

.stabstr        0x0000000000000000     0x19e3
 *(.stabstr)
 .stabstr       0x0000000000000000     0x19e3 ./Src/ADC_prog.o

.stab.excl
 *(.stab.excl)

.stab.exclstr
 *(.stab.exclstr)

.stab.index
 *(.stab.index)

.stab.indexstr
 *(.stab.indexstr)

.comment        0x0000000000000000       0x11
 *(.comment)
 .comment       0x0000000000000000       0x11 ./Src/ADC_prog.o
                                         0x12 (size before relaxing)
 .comment       0x0000000000000011       0x12 ./Src/CLCD_prog.o
 .comment       0x0000000000000011       0x12 ./Src/DIO_prog.o
 .comment       0x0000000000000011       0x12 ./Src/EEPROM_prog.o
 .comment       0x0000000000000011       0x12 ./Src/EXTI_prog.o
 .comment       0x0000000000000011       0x12 ./Src/GIE_prog.o
 .comment       0x0000000000000011       0x12 ./Src/System_init.o
 .comment       0x0000000000000011       0x12 ./Src/USART_prog.o
 .comment       0x0000000000000011       0x12 ./Src/main.o

.note.gnu.avr.deviceinfo
                0x0000000000000000       0x3c
 .note.gnu.avr.deviceinfo
                0x0000000000000000       0x3c /usr/lib/gcc/avr/7.3.0/../../../avr/lib/avr5/crtatmega32.o

.note.gnu.build-id
 *(.note.gnu.build-id)

.debug
 *(.debug)

.line
 *(.line)

.debug_srcinfo
 *(.debug_srcinfo)

.debug_sfnames
 *(.debug_sfnames)

.debug_aranges
 *(.debug_aranges)

.debug_pubnames
 *(.debug_pubnames)

.debug_info     0x0000000000000000      0x4e6
 *(.debug_info .gnu.linkonce.wi.*)
 .debug_info    0x0000000000000000      0x4e6 /usr/lib/gcc/avr/7.3.0/../../../avr/lib/avr5/crtatmega32.o

.debug_abbrev   0x0000000000000000      0x4a3
 *(.debug_abbrev)
 .debug_abbrev  0x0000000000000000      0x4a3 /usr/lib/gcc/avr/7.3.0/../../../avr/lib/avr5/crtatmega32.o

.debug_line     0x0000000000000000       0x1a
 *(.debug_line .debug_line.* .debug_line_end)
 .debug_line    0x0000000000000000       0x1a /usr/lib/gcc/avr/7.3.0/../../../avr/lib/avr5/crtatmega32.o

.debug_frame
 *(.debug_frame)

.debug_str      0x0000000000000000      0x196
 *(.debug_str)
 .debug_str     0x0000000000000000      0x196 /usr/lib/gcc/avr/7.3.0/../../../avr/lib/avr5/crtatmega32.o

.debug_loc
 *(.debug_loc)

.debug_macinfo
 *(.debug_macinfo)

.debug_weaknames
 *(.debug_weaknames)

.debug_funcnames
 *(.debug_funcnames)

.debug_typenames
 *(.debug_typenames)

.debug_varnames
 *(.debug_varnames)

.debug_pubtypes
 *(.debug_pubtypes)

.debug_ranges
 *(.debug_ranges)

.debug_macro
 *(.debug_macro)
OUTPUT(Garden.elf elf32-avr)
LOAD linker stubs
